Starting project at C:\Users\User\Desktop\haraj-yemen
React Compiler enabled
Starting Metro Bundler
Waiting on http://localhost:19006
Logs for your project will appear below.
Web Bundled 1062ms node_modules\.pnpm\expo-router@6.0.23_@expo+me_c2e42e87a72fcbe57e50351b28a7c0aa\node_modules\expo-router\entry.js (1452 modules)
 LOG  [web] Logs will appear in the browser console
Web node_modules\.pnpm\expo-router@6.0.23_@expo+me_c2e42e87a72fcbe57e50351b28a7c0aa\node_modules\expo-router\entry.js ░░░░░░░░░░░░░░░░  0.0% (0/1)
Web Bundled 42ms node_modules\.pnpm\expo-router@6.0.23_@expo+me_c2e42e87a72fcbe57e50351b28a7c0aa\node_modules\expo-router\entry.js (1 module)
 LOG  [web] Logs will appear in the browser console
Web node_modules\.pnpm\expo-router@6.0.23_@expo+me_c2e42e87a72fcbe57e50351b28a7c0aa\node_modules\expo-router\entry.js ░░░░░░░░░░░░░░░░  0.0% (0/1)
Web Bundled 46ms node_modules\.pnpm\expo-router@6.0.23_@expo+me_c2e42e87a72fcbe57e50351b28a7c0aa\node_modules\expo-router\entry.js (1 module)
 LOG  [web] Logs will appear in the browser console
Web node_modules\.pnpm\expo-router@6.0.23_@expo+me_c2e42e87a72fcbe57e50351b28a7c0aa\node_modules\expo-router\entry.js ░░░░░░░░░░░░░░░░  0.0% (0/1)
Web Bundled 39ms node_modules\.pnpm\expo-router@6.0.23_@expo+me_c2e42e87a72fcbe57e50351b28a7c0aa\node_modules\expo-router\entry.js (1 module)
 LOG  [web] Logs will appear in the browser console
Web node_modules\.pnpm\expo-router@6.0.23_@expo+me_c2e42e87a72fcbe57e50351b28a7c0aa\node_modules\expo-router\entry.js ░░░░░░░░░░░░░░░░  0.0% (0/1)
Web Bundled 39ms node_modules\.pnpm\expo-router@6.0.23_@expo+me_c2e42e87a72fcbe57e50351b28a7c0aa\node_modules\expo-router\entry.js (1 module)
 LOG  [web] Logs will appear in the browser console
Web node_modules\.pnpm\expo-router@6.0.23_@expo+me_c2e42e87a72fcbe57e50351b28a7c0aa\node_modules\expo-router\entry.js ░░░░░░░░░░░░░░░░  0.0% (0/1)
Web Bundled 35ms node_modules\.pnpm\expo-router@6.0.23_@expo+me_c2e42e87a72fcbe57e50351b28a7c0aa\node_modules\expo-router\entry.js (1 module)
 LOG  [web] Logs will appear in the browser console
Web node_modules\.pnpm\expo-router@6.0.23_@expo+me_c2e42e87a72fcbe57e50351b28a7c0aa\node_modules\expo-router\entry.js ░░░░░░░░░░░░░░░░  0.0% (0/1)
Web Bundled 37ms node_modules\.pnpm\expo-router@6.0.23_@expo+me_c2e42e87a72fcbe57e50351b28a7c0aa\node_modules\expo-router\entry.js (1 module)
 LOG  [web] Logs will appear in the browser console
Web node_modules\.pnpm\expo-router@6.0.23_@expo+me_c2e42e87a72fcbe57e50351b28a7c0aa\node_modules\expo-router\entry.js ░░░░░░░░░░░░░░░░  0.0% (0/1)
Web Bundled 36ms node_modules\.pnpm\expo-router@6.0.23_@expo+me_c2e42e87a72fcbe57e50351b28a7c0aa\node_modules\expo-router\entry.js (1 module)
 LOG  [web] Logs will appear in the browser console
Web node_modules\.pnpm\expo-router@6.0.23_@expo+me_c2e42e87a72fcbe57e50351b28a7c0aa\node_modules\expo-router\entry.js ░░░░░░░░░░░░░░░░  0.0% (0/1)
Web Bundled 45ms node_modules\.pnpm\expo-router@6.0.23_@expo+me_c2e42e87a72fcbe57e50351b28a7c0aa\node_modules\expo-router\entry.js (1 module)
 LOG  [web] Logs will appear in the browser console
Web node_modules\.pnpm\expo-router@6.0.23_@expo+me_c2e42e87a72fcbe57e50351b28a7c0aa\node_modules\expo-router\entry.js ░░░░░░░░░░░░░░░░  0.0% (0/1)
Web Bundled 44ms node_modules\.pnpm\expo-router@6.0.23_@expo+me_c2e42e87a72fcbe57e50351b28a7c0aa\node_modules\expo-router\entry.js (1 module)
 LOG  [web] Logs will appear in the browser console
Web node_modules\.pnpm\expo-router@6.0.23_@expo+me_c2e42e87a72fcbe57e50351b28a7c0aa\node_modules\expo-router\entry.js ░░░░░░░░░░░░░░░░  0.0% (0/1)
Web Bundled 38ms node_modules\.pnpm\expo-router@6.0.23_@expo+me_c2e42e87a72fcbe57e50351b28a7c0aa\node_modules\expo-router\entry.js (1 module)
 LOG  [web] Logs will appear in the browser console
Web node_modules\.pnpm\expo-router@6.0.23_@expo+me_c2e42e87a72fcbe57e50351b28a7c0aa\node_modules\expo-router\entry.js ░░░░░░░░░░░░░░░░  0.0% (0/1)
Web Bundled 47ms node_modules\.pnpm\expo-router@6.0.23_@expo+me_c2e42e87a72fcbe57e50351b28a7c0aa\node_modules\expo-router\entry.js (1 module)
 LOG  [web] Logs will appear in the browser console
Web Bundled 36ms node_modules\.pnpm\expo-router@6.0.23_@expo+me_c2e42e87a72fcbe57e50351b28a7c0aa\node_modules\expo-router\entry.js (1 module)
 LOG  [web] Logs will appear in the browser console
Web node_modules\.pnpm\expo-router@6.0.23_@expo+me_c2e42e87a72fcbe57e50351b28a7c0aa\node_modules\expo-router\entry.js ░░░░░░░░░░░░░░░░  0.0% (0/1)
Web Bundled 38ms node_modules\.pnpm\expo-router@6.0.23_@expo+me_c2e42e87a72fcbe57e50351b28a7c0aa\node_modules\expo-router\entry.js (1 module)
 LOG  [web] Logs will appear in the browser console
